#name "tests/test1.cl"
#1 '('
#1 '*'
LEXER BUG - UNMATCHED:  
LEXER BUG - UNMATCHED: v
LEXER BUG - UNMATCHED: a
LEXER BUG - UNMATCHED: r
LEXER BUG - UNMATCHED: i
LEXER BUG - UNMATCHED: o
LEXER BUG - UNMATCHED: u
LEXER BUG - UNMATCHED: s
LEXER BUG - UNMATCHED:  
LEXER BUG - UNMATCHED: f
LEXER BUG - UNMATCHED: o
LEXER BUG - UNMATCHED: r
LEXER BUG - UNMATCHED: m
LEXER BUG - UNMATCHED: s
LEXER BUG - UNMATCHED:  
#1 OF
LEXER BUG - UNMATCHED:  
LEXER BUG - UNMATCHED: w
LEXER BUG - UNMATCHED: h
LEXER BUG - UNMATCHED: i
LEXER BUG - UNMATCHED: t
LEXER BUG - UNMATCHED: e
LEXER BUG - UNMATCHED: s
LEXER BUG - UNMATCHED: p
LEXER BUG - UNMATCHED: a
LEXER BUG - UNMATCHED: c
LEXER BUG - UNMATCHED: e
LEXER BUG - UNMATCHED:  
#1 '*'
#1 ')'
LEXER BUG - UNMATCHED:  
LEXER BUG - UNMATCHED:  
LEXER BUG - UNMATCHED:  
LEXER BUG - UNMATCHED:  
LEXER BUG - UNMATCHED:  
LEXER BUG - UNMATCHED:  
LEXER BUG - UNMATCHED:  
LEXER BUG - UNMATCHED:  
#1 '('
#1 '*'
LEXER BUG - UNMATCHED:  
LEXER BUG - UNMATCHED: b
LEXER BUG - UNMATCHED: l
LEXER BUG - UNMATCHED: a
LEXER BUG - UNMATCHED: n
LEXER BUG - UNMATCHED: k
LEXER BUG - UNMATCHED: s
LEXER BUG - UNMATCHED:  
#1 '*'
#1 ')'
#1 INT_CONST 1
LEXER BUG - UNMATCHED: 
LEXER BUG - UNMATCHED:  
LEXER BUG - UNMATCHED:  
LEXER BUG - UNMATCHED:  
LEXER BUG - UNMATCHED:  
LEXER BUG - UNMATCHED:  
LEXER BUG - UNMATCHED:  
#1 '('
#1 '*'
LEXER BUG - UNMATCHED:  
LEXER BUG - UNMATCHED: f
LEXER BUG - UNMATCHED: o
LEXER BUG - UNMATCHED: r
LEXER BUG - UNMATCHED: m
LEXER BUG - UNMATCHED: f
LEXER BUG - UNMATCHED: e
LEXER BUG - UNMATCHED: e
LEXER BUG - UNMATCHED: d
LEXER BUG - UNMATCHED:  
#1 '*'
#1 ')'
#1 INT_CONST 2
Exception in thread "main" java.lang.Error: Lexical Error: Unmatched Input.
	at CoolLexer.next_token(Unknown Source)
	at Lexer.main(Unknown Source)
