#name "tests/test2.cl"
LEXER BUG - UNMATCHED: C
LEXER BUG - UNMATCHED: o
LEXER BUG - UNMATCHED: o
LEXER BUG - UNMATCHED: l
LEXER BUG - UNMATCHED:  
LEXER BUG - UNMATCHED: i
LEXER BUG - UNMATCHED: s
LEXER BUG - UNMATCHED:  
#1 NOT
LEXER BUG - UNMATCHED:  
LEXER BUG - UNMATCHED: C
#1 ':'
LEXER BUG - UNMATCHED: x
LEXER BUG - UNMATCHED: a
LEXER BUG - UNMATCHED: b
LEXER BUG - UNMATCHED: c
LEXER BUG - UNMATCHED:  
LEXER BUG - UNMATCHED:  
LEXER BUG - UNMATCHED:  
LEXER BUG - UNMATCHED:  
LEXER BUG - UNMATCHED:  
LEXER BUG - UNMATCHED: t
LEXER BUG - UNMATCHED: w
LEXER BUG - UNMATCHED: o
LEXER BUG - UNMATCHED:  
LEXER BUG - UNMATCHED: t
LEXER BUG - UNMATCHED: o
LEXER BUG - UNMATCHED: k
LEXER BUG - UNMATCHED: e
LEXER BUG - UNMATCHED: n
LEXER BUG - UNMATCHED: s
#1 ','
LEXER BUG - UNMATCHED:  
LEXER BUG - UNMATCHED: "
LEXER BUG - UNMATCHED: "
LEXER BUG - UNMATCHED:  
LEXER BUG - UNMATCHED: a
LEXER BUG - UNMATCHED: n
LEXER BUG - UNMATCHED: d
LEXER BUG - UNMATCHED:  
LEXER BUG - UNMATCHED: "
LEXER BUG - UNMATCHED: x
LEXER BUG - UNMATCHED: a
LEXER BUG - UNMATCHED: b
LEXER BUG - UNMATCHED: c
LEXER BUG - UNMATCHED: "
#1 INT_CONST 0987
LEXER BUG - UNMATCHED:  
LEXER BUG - UNMATCHED:  
LEXER BUG - UNMATCHED:  
LEXER BUG - UNMATCHED:  
LEXER BUG - UNMATCHED:  
LEXER BUG - UNMATCHED:  
#1 '*'
#1 NOT
#1 '*'
LEXER BUG - UNMATCHED:  
LEXER BUG - UNMATCHED: i
LEXER BUG - UNMATCHED: l
LEXER BUG - UNMATCHED: l
LEXER BUG - UNMATCHED: e
LEXER BUG - UNMATCHED: g
LEXER BUG - UNMATCHED: a
LEXER BUG - UNMATCHED: l
LEXER BUG - UNMATCHED: !
