#name "tests/test4.cl"
#1 '('
#1 '*'
LEXER BUG - UNMATCHED:  
LEXER BUG - UNMATCHED: h
LEXER BUG - UNMATCHED: a
LEXER BUG - UNMATCHED: i
LEXER BUG - UNMATCHED: r
LEXER BUG - UNMATCHED: y
LEXER BUG - UNMATCHED:  
LEXER BUG - UNMATCHED:  
#1 '.'
LEXER BUG - UNMATCHED:  
#1 '.'
LEXER BUG - UNMATCHED:  
#1 '.'
#1 '*'
#1 ')'
#1 CLASS
LEXER BUG - UNMATCHED:  
LEXER BUG - UNMATCHED: F
LEXER BUG - UNMATCHED: o
LEXER BUG - UNMATCHED: o
LEXER BUG - UNMATCHED:  
#1 INHERITS
LEXER BUG - UNMATCHED:  
LEXER BUG - UNMATCHED: B
LEXER BUG - UNMATCHED: a
LEXER BUG - UNMATCHED: z
LEXER BUG - UNMATCHED: z
LEXER BUG - UNMATCHED:  
#1 '{'
LEXER BUG - UNMATCHED:  
LEXER BUG - UNMATCHED:  
LEXER BUG - UNMATCHED:  
LEXER BUG - UNMATCHED:  
LEXER BUG - UNMATCHED:  
LEXER BUG - UNMATCHED: a
LEXER BUG - UNMATCHED:  
#1 ':'
LEXER BUG - UNMATCHED:  
LEXER BUG - UNMATCHED: R
LEXER BUG - UNMATCHED: a
LEXER BUG - UNMATCHED: z
LEXER BUG - UNMATCHED: z
LEXER BUG - UNMATCHED:  
#1 '<'
#1 '-'
LEXER BUG - UNMATCHED:  
#1 CASE
LEXER BUG - UNMATCHED:  
LEXER BUG - UNMATCHED: s
LEXER BUG - UNMATCHED: e
LEXER BUG - UNMATCHED: l
LEXER BUG - UNMATCHED: f
LEXER BUG - UNMATCHED:  
#1 OF
LEXER BUG - UNMATCHED: 	
LEXER BUG - UNMATCHED: 	
LEXER BUG - UNMATCHED:  
LEXER BUG - UNMATCHED:  
LEXER BUG - UNMATCHED:  
LEXER BUG - UNMATCHED:  
LEXER BUG - UNMATCHED:  
LEXER BUG - UNMATCHED:  
LEXER BUG - UNMATCHED: n
LEXER BUG - UNMATCHED:  
#1 ':'
LEXER BUG - UNMATCHED:  
LEXER BUG - UNMATCHED: R
LEXER BUG - UNMATCHED: a
LEXER BUG - UNMATCHED: z
LEXER BUG - UNMATCHED: z
LEXER BUG - UNMATCHED:  
#1 DARROW
LEXER BUG - UNMATCHED:  
#1 '('
#1 NEW
LEXER BUG - UNMATCHED:  
LEXER BUG - UNMATCHED: B
LEXER BUG - UNMATCHED: a
LEXER BUG - UNMATCHED: r
#1 ')'
#1 ';'
LEXER BUG - UNMATCHED: 	
LEXER BUG - UNMATCHED: 	
LEXER BUG - UNMATCHED:  
LEXER BUG - UNMATCHED:  
LEXER BUG - UNMATCHED:  
LEXER BUG - UNMATCHED:  
LEXER BUG - UNMATCHED:  
LEXER BUG - UNMATCHED:  
LEXER BUG - UNMATCHED: n
LEXER BUG - UNMATCHED:  
#1 ':'
LEXER BUG - UNMATCHED:  
LEXER BUG - UNMATCHED: F
LEXER BUG - UNMATCHED: o
LEXER BUG - UNMATCHED: o
LEXER BUG - UNMATCHED:  
#1 DARROW
LEXER BUG - UNMATCHED:  
#1 '('
#1 NEW
LEXER BUG - UNMATCHED:  
LEXER BUG - UNMATCHED: R
LEXER BUG - UNMATCHED: a
LEXER BUG - UNMATCHED: z
LEXER BUG - UNMATCHED: z
#1 ')'
#1 ';'
LEXER BUG - UNMATCHED: 	
LEXER BUG - UNMATCHED: 	
LEXER BUG - UNMATCHED:  
LEXER BUG - UNMATCHED:  
LEXER BUG - UNMATCHED:  
LEXER BUG - UNMATCHED:  
LEXER BUG - UNMATCHED:  
LEXER BUG - UNMATCHED:  
LEXER BUG - UNMATCHED: n
LEXER BUG - UNMATCHED:  
#1 ':'
LEXER BUG - UNMATCHED:  
LEXER BUG - UNMATCHED: B
LEXER BUG - UNMATCHED: a
LEXER BUG - UNMATCHED: r
LEXER BUG - UNMATCHED:  
#1 DARROW
LEXER BUG - UNMATCHED:  
LEXER BUG - UNMATCHED: n
#1 ';'
LEXER BUG - UNMATCHED:  
LEXER BUG - UNMATCHED:  
LEXER BUG - UNMATCHED:  
LEXER BUG - UNMATCHED: 	
LEXER BUG - UNMATCHED:  
LEXER BUG - UNMATCHED:  
LEXER BUG - UNMATCHED:  
LEXER BUG - UNMATCHED:  
LEXER BUG - UNMATCHED:  
LEXER BUG - UNMATCHED:  
LEXER BUG - UNMATCHED:  
LEXER BUG - UNMATCHED:  
LEXER BUG - UNMATCHED:  
#1 ESAC
#1 ';'
LEXER BUG - UNMATCHED:  
LEXER BUG - UNMATCHED:  
LEXER BUG - UNMATCHED:  
LEXER BUG - UNMATCHED:  
LEXER BUG - UNMATCHED:  
LEXER BUG - UNMATCHED: b
LEXER BUG - UNMATCHED:  
#1 ':'
LEXER BUG - UNMATCHED:  
#1 IN
LEXER BUG - UNMATCHED: t
LEXER BUG - UNMATCHED:  
#1 '<'
#1 '-'
LEXER BUG - UNMATCHED:  
LEXER BUG - UNMATCHED: a
#1 '.'
LEXER BUG - UNMATCHED: d
LEXER BUG - UNMATCHED: o
LEXER BUG - UNMATCHED: h
#1 '('
#1 ')'
LEXER BUG - UNMATCHED:  
#1 '+'
LEXER BUG - UNMATCHED:  
LEXER BUG - UNMATCHED: g
#1 '.'
LEXER BUG - UNMATCHED: d
LEXER BUG - UNMATCHED: o
LEXER BUG - UNMATCHED: h
#1 '('
#1 ')'
LEXER BUG - UNMATCHED:  
#1 '+'
LEXER BUG - UNMATCHED:  
LEXER BUG - UNMATCHED: d
LEXER BUG - UNMATCHED: o
LEXER BUG - UNMATCHED: h
#1 '('
#1 ')'
LEXER BUG - UNMATCHED:  
#1 '+'
LEXER BUG - UNMATCHED:  
LEXER BUG - UNMATCHED: p
LEXER BUG - UNMATCHED: r
#1 IN
LEXER BUG - UNMATCHED: t
LEXER BUG - UNMATCHED: h
#1 '('
#1 ')'
#1 ';'
LEXER BUG - UNMATCHED:  
LEXER BUG - UNMATCHED:  
LEXER BUG - UNMATCHED:  
LEXER BUG - UNMATCHED:  
LEXER BUG - UNMATCHED:  
LEXER BUG - UNMATCHED: d
LEXER BUG - UNMATCHED: o
LEXER BUG - UNMATCHED: h
#1 '('
#1 ')'
LEXER BUG - UNMATCHED:  
#1 ':'
LEXER BUG - UNMATCHED:  
#1 IN
LEXER BUG - UNMATCHED: t
LEXER BUG - UNMATCHED:  
#1 '{'
LEXER BUG - UNMATCHED:  
#1 '('
#1 LET
LEXER BUG - UNMATCHED:  
LEXER BUG - UNMATCHED: i
LEXER BUG - UNMATCHED:  
#1 ':'
LEXER BUG - UNMATCHED:  
#1 IN
LEXER BUG - UNMATCHED: t
LEXER BUG - UNMATCHED:  
#1 '<'
#1 '-'
LEXER BUG - UNMATCHED:  
LEXER BUG - UNMATCHED: h
LEXER BUG - UNMATCHED:  
#1 IN
LEXER BUG - UNMATCHED:  
#1 '{'
LEXER BUG - UNMATCHED:  
LEXER BUG - UNMATCHED: h
LEXER BUG - UNMATCHED:  
#1 '<'
#1 '-'
LEXER BUG - UNMATCHED:  
LEXER BUG - UNMATCHED: h
LEXER BUG - UNMATCHED:  
#1 '+'
LEXER BUG - UNMATCHED:  
#1 INT_CONST 2
#1 ';'
LEXER BUG - UNMATCHED:  
LEXER BUG - UNMATCHED: i
#1 ';'
LEXER BUG - UNMATCHED:  
#1 '}'
LEXER BUG - UNMATCHED:  
#1 ')'
LEXER BUG - UNMATCHED:  
#1 '}'
#1 ';'
#1 '}'
#1 ';'
#1 CLASS
LEXER BUG - UNMATCHED:  
LEXER BUG - UNMATCHED: B
LEXER BUG - UNMATCHED: a
LEXER BUG - UNMATCHED: r
LEXER BUG - UNMATCHED:  
#1 INHERITS
LEXER BUG - UNMATCHED:  
LEXER BUG - UNMATCHED: R
LEXER BUG - UNMATCHED: a
LEXER BUG - UNMATCHED: z
LEXER BUG - UNMATCHED: z
LEXER BUG - UNMATCHED:  
#1 '{'
LEXER BUG - UNMATCHED:  
LEXER BUG - UNMATCHED:  
LEXER BUG - UNMATCHED:  
LEXER BUG - UNMATCHED:  
LEXER BUG - UNMATCHED:  
LEXER BUG - UNMATCHED: c
LEXER BUG - UNMATCHED:  
#1 ':'
LEXER BUG - UNMATCHED:  
#1 IN
LEXER BUG - UNMATCHED: t
LEXER BUG - UNMATCHED:  
#1 '<'
#1 '-'
LEXER BUG - UNMATCHED:  
LEXER BUG - UNMATCHED: d
LEXER BUG - UNMATCHED: o
LEXER BUG - UNMATCHED: h
#1 '('
#1 ')'
#1 ';'
LEXER BUG - UNMATCHED:  
LEXER BUG - UNMATCHED:  
LEXER BUG - UNMATCHED:  
LEXER BUG - UNMATCHED:  
LEXER BUG - UNMATCHED:  
LEXER BUG - UNMATCHED: d
LEXER BUG - UNMATCHED:  
#1 ':'
LEXER BUG - UNMATCHED:  
LEXER BUG - UNMATCHED: O
LEXER BUG - UNMATCHED: b
LEXER BUG - UNMATCHED: j
LEXER BUG - UNMATCHED: e
LEXER BUG - UNMATCHED: c
LEXER BUG - UNMATCHED: t
LEXER BUG - UNMATCHED:  
#1 '<'
#1 '-'
LEXER BUG - UNMATCHED:  
LEXER BUG - UNMATCHED: p
LEXER BUG - UNMATCHED: r
#1 IN
LEXER BUG - UNMATCHED: t
LEXER BUG - UNMATCHED: h
#1 '('
#1 ')'
#1 ';'
#1 '}'
#1 ';'
#1 CLASS
LEXER BUG - UNMATCHED:  
LEXER BUG - UNMATCHED: R
LEXER BUG - UNMATCHED: a
LEXER BUG - UNMATCHED: z
LEXER BUG - UNMATCHED: z
LEXER BUG - UNMATCHED:  
#1 INHERITS
LEXER BUG - UNMATCHED:  
LEXER BUG - UNMATCHED: F
LEXER BUG - UNMATCHED: o
LEXER BUG - UNMATCHED: o
LEXER BUG - UNMATCHED:  
#1 '{'
LEXER BUG - UNMATCHED:  
LEXER BUG - UNMATCHED:  
LEXER BUG - UNMATCHED:  
LEXER BUG - UNMATCHED:  
LEXER BUG - UNMATCHED:  
LEXER BUG - UNMATCHED: e
LEXER BUG - UNMATCHED:  
#1 ':'
LEXER BUG - UNMATCHED:  
LEXER BUG - UNMATCHED: B
LEXER BUG - UNMATCHED: a
LEXER BUG - UNMATCHED: r
LEXER BUG - UNMATCHED:  
#1 '<'
#1 '-'
LEXER BUG - UNMATCHED:  
#1 CASE
LEXER BUG - UNMATCHED:  
LEXER BUG - UNMATCHED: s
LEXER BUG - UNMATCHED: e
LEXER BUG - UNMATCHED: l
LEXER BUG - UNMATCHED: f
LEXER BUG - UNMATCHED:  
#1 OF
LEXER BUG - UNMATCHED: 	
LEXER BUG - UNMATCHED: 	
LEXER BUG - UNMATCHED:  
LEXER BUG - UNMATCHED:  
LEXER BUG - UNMATCHED: n
LEXER BUG - UNMATCHED:  
#1 ':'
LEXER BUG - UNMATCHED:  
LEXER BUG - UNMATCHED: R
LEXER BUG - UNMATCHED: a
LEXER BUG - UNMATCHED: z
LEXER BUG - UNMATCHED: z
LEXER BUG - UNMATCHED:  
#1 DARROW
LEXER BUG - UNMATCHED:  
#1 '('
#1 NEW
LEXER BUG - UNMATCHED:  
LEXER BUG - UNMATCHED: B
LEXER BUG - UNMATCHED: a
LEXER BUG - UNMATCHED: r
#1 ')'
#1 ';'
LEXER BUG - UNMATCHED: 	
LEXER BUG - UNMATCHED: 	
LEXER BUG - UNMATCHED:  
LEXER BUG - UNMATCHED:  
LEXER BUG - UNMATCHED: n
LEXER BUG - UNMATCHED:  
#1 ':'
LEXER BUG - UNMATCHED:  
LEXER BUG - UNMATCHED: B
LEXER BUG - UNMATCHED: a
LEXER BUG - UNMATCHED: r
LEXER BUG - UNMATCHED:  
#1 DARROW
LEXER BUG - UNMATCHED:  
LEXER BUG - UNMATCHED: n
#1 ';'
LEXER BUG - UNMATCHED: 	
LEXER BUG - UNMATCHED: 	
#1 ESAC
#1 ';'
LEXER BUG - UNMATCHED:  
LEXER BUG - UNMATCHED:  
LEXER BUG - UNMATCHED:  
LEXER BUG - UNMATCHED:  
LEXER BUG - UNMATCHED:  
LEXER BUG - UNMATCHED: f
LEXER BUG - UNMATCHED:  
#1 ':'
LEXER BUG - UNMATCHED:  
#1 IN
LEXER BUG - UNMATCHED: t
LEXER BUG - UNMATCHED:  
#1 '<'
#1 '-'
LEXER BUG - UNMATCHED:  
LEXER BUG - UNMATCHED: a
#1 '@'
LEXER BUG - UNMATCHED: B
LEXER BUG - UNMATCHED: a
LEXER BUG - UNMATCHED: z
LEXER BUG - UNMATCHED: z
#1 '.'
LEXER BUG - UNMATCHED: d
LEXER BUG - UNMATCHED: o
LEXER BUG - UNMATCHED: h
#1 '('
#1 ')'
LEXER BUG - UNMATCHED:  
#1 '+'
LEXER BUG - UNMATCHED:  
LEXER BUG - UNMATCHED: g
#1 '.'
LEXER BUG - UNMATCHED: d
LEXER BUG - UNMATCHED: o
LEXER BUG - UNMATCHED: h
#1 '('
#1 ')'
LEXER BUG - UNMATCHED:  
#1 '+'
LEXER BUG - UNMATCHED:  
LEXER BUG - UNMATCHED: e
#1 '.'
LEXER BUG - UNMATCHED: d
LEXER BUG - UNMATCHED: o
LEXER BUG - UNMATCHED: h
#1 '('
#1 ')'
LEXER BUG - UNMATCHED:  
#1 '+'
LEXER BUG - UNMATCHED:  
LEXER BUG - UNMATCHED: d
LEXER BUG - UNMATCHED: o
LEXER BUG - UNMATCHED: h
#1 '('
#1 ')'
LEXER BUG - UNMATCHED:  
#1 '+'
LEXER BUG - UNMATCHED:  
LEXER BUG - UNMATCHED: p
LEXER BUG - UNMATCHED: r
#1 IN
LEXER BUG - UNMATCHED: t
LEXER BUG - UNMATCHED: h
#1 '('
#1 ')'
#1 ';'
#1 '}'
#1 ';'
#1 CLASS
LEXER BUG - UNMATCHED:  
LEXER BUG - UNMATCHED: B
LEXER BUG - UNMATCHED: a
LEXER BUG - UNMATCHED: z
LEXER BUG - UNMATCHED: z
LEXER BUG - UNMATCHED:  
#1 INHERITS
LEXER BUG - UNMATCHED:  
LEXER BUG - UNMATCHED: I
LEXER BUG - UNMATCHED: O
LEXER BUG - UNMATCHED:  
#1 '{'
LEXER BUG - UNMATCHED:  
LEXER BUG - UNMATCHED:  
LEXER BUG - UNMATCHED:  
LEXER BUG - UNMATCHED:  
LEXER BUG - UNMATCHED:  
LEXER BUG - UNMATCHED: h
LEXER BUG - UNMATCHED:  
#1 ':'
LEXER BUG - UNMATCHED:  
#1 IN
LEXER BUG - UNMATCHED: t
LEXER BUG - UNMATCHED:  
#1 '<'
#1 '-'
LEXER BUG - UNMATCHED:  
#1 INT_CONST 1
#1 ';'
LEXER BUG - UNMATCHED:  
LEXER BUG - UNMATCHED:  
LEXER BUG - UNMATCHED:  
LEXER BUG - UNMATCHED:  
LEXER BUG - UNMATCHED:  
LEXER BUG - UNMATCHED: g
LEXER BUG - UNMATCHED:  
#1 ':'
LEXER BUG - UNMATCHED:  
LEXER BUG - UNMATCHED: F
LEXER BUG - UNMATCHED: o
LEXER BUG - UNMATCHED: o
LEXER BUG - UNMATCHED:  
LEXER BUG - UNMATCHED:  
#1 '<'
#1 '-'
LEXER BUG - UNMATCHED:  
#1 CASE
LEXER BUG - UNMATCHED:  
LEXER BUG - UNMATCHED: s
LEXER BUG - UNMATCHED: e
LEXER BUG - UNMATCHED: l
LEXER BUG - UNMATCHED: f
LEXER BUG - UNMATCHED:  
#1 OF
LEXER BUG - UNMATCHED: 	
LEXER BUG - UNMATCHED: 	
LEXER BUG - UNMATCHED:  
LEXER BUG - UNMATCHED:  
LEXER BUG - UNMATCHED:  
LEXER BUG - UNMATCHED:  
LEXER BUG - UNMATCHED:  
LEXER BUG - UNMATCHED: 	
LEXER BUG - UNMATCHED: n
LEXER BUG - UNMATCHED:  
#1 ':'
LEXER BUG - UNMATCHED:  
LEXER BUG - UNMATCHED: B
LEXER BUG - UNMATCHED: a
LEXER BUG - UNMATCHED: z
LEXER BUG - UNMATCHED: z
LEXER BUG - UNMATCHED:  
#1 DARROW
LEXER BUG - UNMATCHED:  
#1 '('
#1 NEW
LEXER BUG - UNMATCHED:  
LEXER BUG - UNMATCHED: F
LEXER BUG - UNMATCHED: o
LEXER BUG - UNMATCHED: o
#1 ')'
#1 ';'
LEXER BUG - UNMATCHED: 	
LEXER BUG - UNMATCHED: 	
LEXER BUG - UNMATCHED:  
LEXER BUG - UNMATCHED:  
LEXER BUG - UNMATCHED:  
LEXER BUG - UNMATCHED:  
LEXER BUG - UNMATCHED:  
LEXER BUG - UNMATCHED: 	
LEXER BUG - UNMATCHED: n
LEXER BUG - UNMATCHED:  
#1 ':'
LEXER BUG - UNMATCHED:  
LEXER BUG - UNMATCHED: R
LEXER BUG - UNMATCHED: a
LEXER BUG - UNMATCHED: z
LEXER BUG - UNMATCHED: z
LEXER BUG - UNMATCHED:  
#1 DARROW
LEXER BUG - UNMATCHED:  
#1 '('
#1 NEW
LEXER BUG - UNMATCHED:  
LEXER BUG - UNMATCHED: B
LEXER BUG - UNMATCHED: a
LEXER BUG - UNMATCHED: r
#1 ')'
#1 ';'
LEXER BUG - UNMATCHED: 	
LEXER BUG - UNMATCHED: 	
LEXER BUG - UNMATCHED: 	
LEXER BUG - UNMATCHED: n
LEXER BUG - UNMATCHED:  
#1 ':'
LEXER BUG - UNMATCHED:  
LEXER BUG - UNMATCHED: F
LEXER BUG - UNMATCHED: o
LEXER BUG - UNMATCHED: o
LEXER BUG - UNMATCHED:  
LEXER BUG - UNMATCHED:  
#1 DARROW
LEXER BUG - UNMATCHED:  
#1 '('
#1 NEW
LEXER BUG - UNMATCHED:  
LEXER BUG - UNMATCHED: R
LEXER BUG - UNMATCHED: a
LEXER BUG - UNMATCHED: z
LEXER BUG - UNMATCHED: z
#1 ')'
#1 ';'
LEXER BUG - UNMATCHED: 	
LEXER BUG - UNMATCHED: 	
LEXER BUG - UNMATCHED: 	
LEXER BUG - UNMATCHED: n
LEXER BUG - UNMATCHED:  
#1 ':'
LEXER BUG - UNMATCHED:  
LEXER BUG - UNMATCHED: B
LEXER BUG - UNMATCHED: a
LEXER BUG - UNMATCHED: r
LEXER BUG - UNMATCHED:  
#1 DARROW
LEXER BUG - UNMATCHED:  
LEXER BUG - UNMATCHED: n
#1 ';'
LEXER BUG - UNMATCHED: 	
LEXER BUG - UNMATCHED: 	
LEXER BUG - UNMATCHED:  
LEXER BUG - UNMATCHED:  
#1 ESAC
#1 ';'
LEXER BUG - UNMATCHED:  
LEXER BUG - UNMATCHED:  
LEXER BUG - UNMATCHED:  
LEXER BUG - UNMATCHED:  
LEXER BUG - UNMATCHED:  
LEXER BUG - UNMATCHED: i
LEXER BUG - UNMATCHED:  
#1 ':'
LEXER BUG - UNMATCHED:  
LEXER BUG - UNMATCHED: O
LEXER BUG - UNMATCHED: b
LEXER BUG - UNMATCHED: j
LEXER BUG - UNMATCHED: e
LEXER BUG - UNMATCHED: c
LEXER BUG - UNMATCHED: t
LEXER BUG - UNMATCHED:  
#1 '<'
#1 '-'
LEXER BUG - UNMATCHED:  
LEXER BUG - UNMATCHED: p
LEXER BUG - UNMATCHED: r
#1 IN
LEXER BUG - UNMATCHED: t
LEXER BUG - UNMATCHED: h
#1 '('
#1 ')'
#1 ';'
LEXER BUG - UNMATCHED:  
LEXER BUG - UNMATCHED:  
LEXER BUG - UNMATCHED:  
LEXER BUG - UNMATCHED:  
LEXER BUG - UNMATCHED:  
LEXER BUG - UNMATCHED: p
LEXER BUG - UNMATCHED: r
#1 IN
LEXER BUG - UNMATCHED: t
LEXER BUG - UNMATCHED: h
#1 '('
#1 ')'
LEXER BUG - UNMATCHED:  
#1 ':'
LEXER BUG - UNMATCHED:  
#1 IN
LEXER BUG - UNMATCHED: t
LEXER BUG - UNMATCHED:  
#1 '{'
LEXER BUG - UNMATCHED:  
#1 '{'
LEXER BUG - UNMATCHED:  
LEXER BUG - UNMATCHED: o
LEXER BUG - UNMATCHED: u
LEXER BUG - UNMATCHED: t
LEXER BUG - UNMATCHED: _
#1 IN
LEXER BUG - UNMATCHED: t
#1 '('
LEXER BUG - UNMATCHED: h
#1 ')'
#1 ';'
LEXER BUG - UNMATCHED:  
#1 ';'
LEXER BUG - UNMATCHED:  
#1 '}'
LEXER BUG - UNMATCHED:  
#1 '}'
#1 ';'
LEXER BUG - UNMATCHED:  
LEXER BUG - UNMATCHED:  
LEXER BUG - UNMATCHED:  
LEXER BUG - UNMATCHED:  
LEXER BUG - UNMATCHED:  
LEXER BUG - UNMATCHED: d
LEXER BUG - UNMATCHED: o
LEXER BUG - UNMATCHED: h
#1 '('
#1 ')'
LEXER BUG - UNMATCHED:  
#1 ':'
LEXER BUG - UNMATCHED:  
#1 IN
LEXER BUG - UNMATCHED: t
LEXER BUG - UNMATCHED:  
#1 '{'
LEXER BUG - UNMATCHED:  
#1 '('
#1 LET
LEXER BUG - UNMATCHED:  
LEXER BUG - UNMATCHED: i
#1 ':'
LEXER BUG - UNMATCHED:  
#1 IN
LEXER BUG - UNMATCHED: t
LEXER BUG - UNMATCHED:  
#1 '<'
#1 '-'
LEXER BUG - UNMATCHED:  
LEXER BUG - UNMATCHED: h
LEXER BUG - UNMATCHED:  
#1 IN
LEXER BUG - UNMATCHED:  
#1 '{'
LEXER BUG - UNMATCHED:  
LEXER BUG - UNMATCHED: h
LEXER BUG - UNMATCHED:  
#1 '<'
#1 '-'
LEXER BUG - UNMATCHED:  
LEXER BUG - UNMATCHED: h
LEXER BUG - UNMATCHED:  
#1 '+'
LEXER BUG - UNMATCHED:  
#1 INT_CONST 1
#1 ';'
LEXER BUG - UNMATCHED:  
LEXER BUG - UNMATCHED: i
#1 ';'
LEXER BUG - UNMATCHED:  
#1 '}'
LEXER BUG - UNMATCHED:  
#1 ')'
LEXER BUG - UNMATCHED:  
#1 '}'
#1 ';'
#1 '}'
#1 ';'
#1 '('
#1 '*'
LEXER BUG - UNMATCHED:  
LEXER BUG - UNMATCHED: s
LEXER BUG - UNMATCHED: c
LEXER BUG - UNMATCHED: a
LEXER BUG - UNMATCHED: r
LEXER BUG - UNMATCHED: y
LEXER BUG - UNMATCHED:  
#1 '.'
LEXER BUG - UNMATCHED:  
#1 '.'
LEXER BUG - UNMATCHED:  
#1 '.'
LEXER BUG - UNMATCHED:  
#1 '*'
#1 ')'
#1 CLASS
LEXER BUG - UNMATCHED:  
LEXER BUG - UNMATCHED: M
LEXER BUG - UNMATCHED: a
#1 IN
LEXER BUG - UNMATCHED:  
#1 '{'
LEXER BUG - UNMATCHED:  
LEXER BUG - UNMATCHED:  
LEXER BUG - UNMATCHED: a
LEXER BUG - UNMATCHED:  
#1 ':'
LEXER BUG - UNMATCHED:  
LEXER BUG - UNMATCHED: B
LEXER BUG - UNMATCHED: a
LEXER BUG - UNMATCHED: z
LEXER BUG - UNMATCHED: z
LEXER BUG - UNMATCHED:  
#1 '<'
#1 '-'
LEXER BUG - UNMATCHED:  
#1 NEW
LEXER BUG - UNMATCHED:  
LEXER BUG - UNMATCHED: B
LEXER BUG - UNMATCHED: a
LEXER BUG - UNMATCHED: z
LEXER BUG - UNMATCHED: z
#1 ';'
LEXER BUG - UNMATCHED:  
LEXER BUG - UNMATCHED:  
LEXER BUG - UNMATCHED: b
LEXER BUG - UNMATCHED:  
#1 ':'
LEXER BUG - UNMATCHED:  
LEXER BUG - UNMATCHED: F
LEXER BUG - UNMATCHED: o
LEXER BUG - UNMATCHED: o
LEXER BUG - UNMATCHED:  
#1 '<'
#1 '-'
LEXER BUG - UNMATCHED:  
#1 NEW
LEXER BUG - UNMATCHED:  
LEXER BUG - UNMATCHED: F
LEXER BUG - UNMATCHED: o
LEXER BUG - UNMATCHED: o
#1 ';'
LEXER BUG - UNMATCHED:  
LEXER BUG - UNMATCHED:  
LEXER BUG - UNMATCHED: c
LEXER BUG - UNMATCHED:  
#1 ':'
LEXER BUG - UNMATCHED:  
LEXER BUG - UNMATCHED: R
LEXER BUG - UNMATCHED: a
LEXER BUG - UNMATCHED: z
LEXER BUG - UNMATCHED: z
LEXER BUG - UNMATCHED:  
#1 '<'
#1 '-'
LEXER BUG - UNMATCHED:  
#1 NEW
LEXER BUG - UNMATCHED:  
LEXER BUG - UNMATCHED: R
LEXER BUG - UNMATCHED: a
LEXER BUG - UNMATCHED: z
LEXER BUG - UNMATCHED: z
#1 ';'
LEXER BUG - UNMATCHED:  
LEXER BUG - UNMATCHED:  
LEXER BUG - UNMATCHED: d
LEXER BUG - UNMATCHED:  
#1 ':'
LEXER BUG - UNMATCHED:  
LEXER BUG - UNMATCHED: B
LEXER BUG - UNMATCHED: a
LEXER BUG - UNMATCHED: r
LEXER BUG - UNMATCHED:  
#1 '<'
#1 '-'
LEXER BUG - UNMATCHED:  
#1 NEW
LEXER BUG - UNMATCHED:  
LEXER BUG - UNMATCHED: B
LEXER BUG - UNMATCHED: a
LEXER BUG - UNMATCHED: r
#1 ';'
LEXER BUG - UNMATCHED:  
LEXER BUG - UNMATCHED:  
LEXER BUG - UNMATCHED: m
LEXER BUG - UNMATCHED: a
#1 IN
#1 '('
#1 ')'
#1 ':'
LEXER BUG - UNMATCHED:  
LEXER BUG - UNMATCHED: S
LEXER BUG - UNMATCHED: t
LEXER BUG - UNMATCHED: r
#1 IN
LEXER BUG - UNMATCHED: g
LEXER BUG - UNMATCHED:  
#1 '{'
LEXER BUG - UNMATCHED:  
LEXER BUG - UNMATCHED: "
LEXER BUG - UNMATCHED: d
LEXER BUG - UNMATCHED: o
LEXER BUG - UNMATCHED:  
#1 NOT
LEXER BUG - UNMATCHED: h
#1 IN
LEXER BUG - UNMATCHED: g
LEXER BUG - UNMATCHED: "
LEXER BUG - UNMATCHED:  
#1 '}'
#1 ';'
#1 '}'
#1 ';'
